---
source: src/tests/window_opening.rs
description: "want fullscreen: B1\nconfig:\noutput \"headless-2\" {\n    layout {\n        border {\n            on\n        }\n    }\n}\n\n// TEAM_055: Renamed from workspace to row\nrow \"ws-1\" {\n    open-on-output \"headless-1\"\n}\n\nrow \"ws-2\" {\n    open-on-output \"headless-2\"\n\n    layout {\n        border {\n            width 10\n        }\n\n        default-column-width {\n            fixed 500\n        }\n    }\n}\n\nwindow-rule {\n    exclude title=\"parent\"\n\n    open-on-row \"ws-2\"\n    open-on-output \"headless-2\"\n    open-fullscreen true\n}"
expression: snapshot
---
final monitor: headless-2
final row: -1 (ws-2)

initial configure:
size: 1920 × 1080, bounds: 1880 × 1040, states: [Fullscreen]

post-map configures:


unfullscreen configure:
size: 928 × 1040, bounds: 1880 × 1040, states: []
